// Jest Snapshot v1, https://goo.gl/fbAQLP

exports[`testing button tsx 1`] = `
<button
  class="Button "
>
  hello world
</button>
`;
