// Jest Snapshot v1, https://goo.gl/fbAQLP

exports[`testing title testign snapshot 1`] = `
<span
  class="Title "
  data-testid="title"
>
  hello world
</span>
`;
